Testing function calls:
Hello, Chronovyan!
Factorial of 5 is: 120
2 is prime
3 is prime
4 is not prime
5 is prime
6 is not prime
7 is prime
11 is prime
12 is not prime
13 is prime 